; NOTE: Assertions have been autogenerated by utils/update_analyze_test_checks.py
; RUN: opt < %s -passes='print<branch-prob>' -disable-output 2>&1 | FileCheck %s

define void @test1() {
; CHECK-LABEL: 'test1'
; CHECK-NEXT:  ---- Branch Probabilities ----
; CHECK-NEXT:    edge entry -> exit probability is 0x80000000 / 0x80000000 = 100.00% [HOT edge]
;
entry:
  br label %exit

exit:
  ret void
}
