; NOTE: Assertions have been autogenerated by utils/update_llc_test_checks.py
; RUN: llc -mtriple=amdgcn-amd-amdhsa < %s | FileCheck %s

define i64 @i64_test(i64 %i) nounwind readnone {
; CHECK-LABEL: i64_test:
; CHECK:       ; %bb.0:
; CHECK-NEXT:    s_waitcnt vmcnt(0) expcnt(0) lgkmcnt(0)
; CHECK-NEXT:    buffer_load_dword v2, off, s[0:3], s32
; CHECK-NEXT:    buffer_load_dword v3, off, s[0:3], s32 offset:4
; CHECK-NEXT:    s_waitcnt vmcnt(1)
; CHECK-NEXT:    v_add_i32_e32 v0, vcc, v0, v2
; CHECK-NEXT:    s_waitcnt vmcnt(0)
; CHECK-NEXT:    v_addc_u32_e32 v1, vcc, v1, v3, vcc
; CHECK-NEXT:    s_setpc_b64 s[30:31]
  %loc = alloca i64, addrspace(5)
  %j = load i64, ptr addrspace(5) %loc
  %r = add i64 %i, %j
  ret i64 %r
}

define i64 @i32_test(i32 %i) nounwind readnone {
; CHECK-LABEL: i32_test:
; CHECK:       ; %bb.0:
; CHECK-NEXT:    s_waitcnt vmcnt(0) expcnt(0) lgkmcnt(0)
; CHECK-NEXT:    buffer_load_dword v1, off, s[0:3], s32
; CHECK-NEXT:    s_waitcnt vmcnt(0)
; CHECK-NEXT:    v_add_i32_e32 v0, vcc, v0, v1
; CHECK-NEXT:    v_mov_b32_e32 v1, 0
; CHECK-NEXT:    s_setpc_b64 s[30:31]
  %loc = alloca i32, addrspace(5)
  %j = load i32, ptr addrspace(5) %loc
  %r = add i32 %i, %j
  %ext = zext i32 %r to i64
  ret i64 %ext
}

define i64 @i16_test(i16 %i) nounwind readnone {
; CHECK-LABEL: i16_test:
; CHECK:       ; %bb.0:
; CHECK-NEXT:    s_waitcnt vmcnt(0) expcnt(0) lgkmcnt(0)
; CHECK-NEXT:    buffer_load_ushort v1, off, s[0:3], s32
; CHECK-NEXT:    s_waitcnt vmcnt(0)
; CHECK-NEXT:    v_add_i32_e32 v0, vcc, v0, v1
; CHECK-NEXT:    v_and_b32_e32 v0, 0xffff, v0
; CHECK-NEXT:    v_mov_b32_e32 v1, 0
; CHECK-NEXT:    s_setpc_b64 s[30:31]
  %loc = alloca i16, addrspace(5)
  %j = load i16, ptr addrspace(5) %loc
  %r = add i16 %i, %j
  %ext = zext i16 %r to i64
  ret i64 %ext
}

define i64 @i8_test(i8 %i) nounwind readnone {
; CHECK-LABEL: i8_test:
; CHECK:       ; %bb.0:
; CHECK-NEXT:    s_waitcnt vmcnt(0) expcnt(0) lgkmcnt(0)
; CHECK-NEXT:    buffer_load_ubyte v1, off, s[0:3], s32
; CHECK-NEXT:    s_waitcnt vmcnt(0)
; CHECK-NEXT:    v_add_i32_e32 v0, vcc, v0, v1
; CHECK-NEXT:    v_and_b32_e32 v0, 0xff, v0
; CHECK-NEXT:    v_mov_b32_e32 v1, 0
; CHECK-NEXT:    s_setpc_b64 s[30:31]
  %loc = alloca i8, addrspace(5)
  %j = load i8, ptr addrspace(5) %loc
  %r = add i8 %i, %j
  %ext = zext i8 %r to i64
  ret i64 %ext
}
