; NOTE: Assertions have been autogenerated by utils/update_llc_test_checks.py UTC_ARGS: --no-generate-body-for-unused-prefixes
; RUN: sed 's/RETVAL/1/g' %s | llc -mtriple=riscv32 \
; RUN:   | FileCheck -check-prefixes=CHECK,CHECKA %s
; RUN: sed 's/RETVAL/2/g' %s | llc -mtriple=riscv32 \
; RUN:   | FileCheck -check-prefixes=CHECK,CHECKA %s
; RUN: sed 's/RETVAL/3/g' %s | llc -mtriple=riscv32 \
; RUN:   | FileCheck -check-prefixes=CHECK,CHECKB %s
; RUN: sed 's/RETVAL/4/g' %s | llc -mtriple=riscv32 \
; RUN:   | FileCheck -check-prefixes=CHECK,CHECKB %s

define i32 @foo() {
  ret i32 RETVAL
}

define i32 @bar() {
; CHECK-LABEL: bar:
; CHECK:       # %bb.0:
; CHECK-NEXT:    li a0, 100
; CHECK-NEXT:    ret
  ret i32 100
}
