; NOTE: Assertions have been autogenerated by utils/update_llc_test_checks.py UTC_ARGS: --include-generated-funcs
; RUN: sed 's/FN/foo/g' %s | llc -mtriple=riscv32 \
; RUN:   | FileCheck -check-prefixes=CHECK,CHECKA %s
; RUN: sed 's/FN/foo/g' %s | llc -mtriple=riscv32 \
; RUN:   | FileCheck -check-prefixes=CHECK,CHECKB %s
; RUN: sed 's/FN/bar/g' %s | llc -mtriple=riscv32 \
; RUN:   | FileCheck -check-prefixes=CHECK,CHECKC %s

define i32 @FN() {
  ret i32 1
}

define i32 @common() {
  ret i32 100
}
; CHECK-LABEL: foo:
; CHECK:       # %bb.0:
; CHECK-NEXT:    li a0, 1
; CHECK-NEXT:    ret
;
; CHECK-LABEL: common:
; CHECK:       # %bb.0:
; CHECK-NEXT:    li a0, 100
; CHECK-NEXT:    ret
;
; CHECKA-LABEL: foo:
; CHECKA:       # %bb.0:
; CHECKA-NEXT:    li a0, 1
; CHECKA-NEXT:    ret
;
; CHECKA-LABEL: common:
; CHECKA:       # %bb.0:
; CHECKA-NEXT:    li a0, 100
; CHECKA-NEXT:    ret
;
; CHECKB-LABEL: foo:
; CHECKB:       # %bb.0:
; CHECKB-NEXT:    li a0, 1
; CHECKB-NEXT:    ret
;
; CHECKB-LABEL: common:
; CHECKB:       # %bb.0:
; CHECKB-NEXT:    li a0, 100
; CHECKB-NEXT:    ret
;
; CHECKC-LABEL: bar:
; CHECKC:       # %bb.0:
; CHECKC-NEXT:    li a0, 1
; CHECKC-NEXT:    ret
;
; CHECKC-LABEL: common:
; CHECKC:       # %bb.0:
; CHECKC-NEXT:    li a0, 100
; CHECKC-NEXT:    ret
