; NOTE: Assertions have been autogenerated by utils/update_llc_test_checks.py
; Check that we accept functions with '$' in the name.
;
; RUN: llc -mtriple=x86_64-unknown-unknown < %s | FileCheck %s
;
define hidden i32 @"_Z54bar$ompvariant$bar"() {
; CHECK-LABEL: _Z54bar$ompvariant$bar:
; CHECK:       # %bb.0: # %entry
; CHECK-NEXT:    movl $2, %eax
; CHECK-NEXT:    retq
entry:
  ret i32 2
}
