// expected-no-diagnostics
void foo() {
    int a = 2;
}

