void foo() {
    // expected-error@+1{{use of undeclared identifier 'a'}}
    a = 2;
}
