; NOTE: Assertions have been autogenerated by utils/update_mc_test_checks.py
# RUN: llvm-mc -triple=amdgcn -mcpu=gfx1100 -disassemble -show-encoding %s 2>&1 | FileCheck -check-prefixes=CHECK %s

0x00,0x00,0x00,0x7e
# CHECK: v_nop                                   ; encoding: [0x00,0x00,0x00,0x7e]

0xfd,0xb8,0x0a,0x7f
# CHECK: :[[@LINE-1]]:1: warning: invalid instruction encoding
