# NOTE: Assertions have been autogenerated by utils/update_mir_test_checks.py
# RUN: llc -mtriple=x86_64 -run-pass=none -verify-machineinstrs %s -o - | FileCheck %s

---
name: test
body: |
  bb.0:
    ; CHECK-LABEL: name: test
    ; CHECK: [[DEF:%[0-9]+]]:gr32 = IMPLICIT_DEF
    ; CHECK-NEXT: [[DEF1:%[0-9]+]]:gr32 = IMPLICIT_DEF
    ; CHECK-NEXT: [[DEF:%[0-9]+]]:gr32 = IMPLICIT_DEF
    ; CHECK-NEXT: [[DEF2:%[0-9]+]]:gr32 = IMPLICIT_DEF
    ; CHECK-NEXT: KILL [[DEF]], [[DEF2]]
    %0:gr32 = IMPLICIT_DEF
    %1:gr32 = IMPLICIT_DEF
    %0:gr32 = IMPLICIT_DEF
    %2:gr32 = IMPLICIT_DEF
    KILL %0, %2
...
