; NOTE: Assertions have been autogenerated by utils/update_mir_test_checks.py
; RUN: llc < %s -mtriple=x86_64 -stop-after=finalize-isel -simplify-mir | FileCheck %s

define void @f() {
  ; CHECK-LABEL: name: f
  ; CHECK: bb.0 (%ir-block.0):
  ; CHECK-NEXT:   RET 0
  ret void
}
