# NOTE: Assertions have been autogenerated by utils/update_mir_test_checks.py
# RUN: llc -mtriple=x86_64-linux-gnu -run-pass=none -verify-machineinstrs %s -o - | FileCheck %s --check-prefixes=CHECK

--- |

  define void @test() {
    unreachable
  }

...
---
name:            test
alignment:       16
registers:
  - { id: 0, class: gpr, preferred-register: '' }
body:             |
  bb.1:
    ; CHECK-LABEL: name: test
    ; CHECK: dead [[C:%[0-9]+]]:gpr(s32) = G_CONSTANT i32 0
    dead %0(s32) = G_CONSTANT i32 0

...
