; NOTE: Assertions have been autogenerated by utils/update_test_checks.py
; RUN: opt < %s -S | FileCheck %s

define i32 @a() {
; CHECK-LABEL: define {{[^@]+}}@a(
; CHECK-NEXT:    [[VAL:%.*]] = call i32 @b(i32 0)
; CHECK-NEXT:    ret i32 [[VAL]]
;
  %val = call i32 @b(i32 0)
  ret i32 %val
}

define i32 @b(i32 %arg) {
; CHECK-LABEL: define {{[^@]+}}@b(
; CHECK-NEXT:    ret i32 [[ARG:%.*]]
;
  ret i32 %arg
}
