; NOTE: Assertions have been autogenerated by utils/update_test_checks.py
; RUN: opt -O0 -S < %s  | FileCheck %s -check-prefix=A
; RUN: opt -O3 -S < %s  | FileCheck %s -check-prefix=A

define i32 @foo(i32 %i) {
  %r = add i32 1, 1
  ret i32 %r
}
;; NOTE: These prefixes are unused and the list is autogenerated. Do not add tests below this line:
; A: {{.*}}
